client, available, held, total, locked
1, 2000.0, 0.0, 2000.0, True
